---
source: extensions/migrate-nx/tests/migrate_nx_test.rs
expression: "fs::read_to_string(sandbox.path().join(\".moon/tasks/node.yml\")).unwrap()"
---
fileGroups:
  default:
  - glob: '**/*'
    cache: true
  - $FOO_BAR
  production:
  - glob: '!**/*.spec.tsx'
    cache: true
  - file: /static
tasks:
  build:
    command: js tsc
    args:
    - '--main'
    - $projectRoot/src/index.ts
    deps:
    - ^:build
    inputs:
    - '@group(production)'
    options:
      cache: true
