---
source: extensions/migrate-nx/tests/migrate_nx_test.rs
expression: "fs::read_to_string(sandbox.path().join(\"app/moon.yml\")).unwrap()"
---
language: javascript
tags:
- scope.client
- scope.server
toolchain:
  default: node
