---
source: extensions/migrate-nx/tests/migrate_nx_test.rs
expression: "fs::read_to_string(sandbox.path().join(\"lib/moon.yml\")).unwrap()"
---
language: javascript
tags:
- foo-bar
- baz_qux
toolchain:
  default: node
