---
source: tools/python-uv/tests/shims_test.rs
expression: "std :: fs ::\nread_to_string(sandbox.path().join(\".proto/shims/registry.json\")).unwrap()"
---
{
  "uv": {},
  "uvx": {
    "alt_bin": true,
    "parent": "uv-test"
  }
}
