---
source: tools/bun/tests/shims_test.rs
expression: "std :: fs ::\nread_to_string(sandbox.path().join(\".proto/shims/registry.json\")).unwrap()"
---
{
  "bun": {},
  "bunx": {
    "parent": "bun-test",
    "before_args": [
      "x"
    ]
  }
}
