---
source: tools/bun/tests/shims_test.rs
expression: "std :: fs ::\nread_to_string(sandbox.path().join(\".proto/shims/registry.json\")).unwrap()"
---
{
  "bun": {
    "alt_bin": true,
    "parent": "bun-test"
  },
  "bunx": {
    "before_args": [
      "x"
    ],
    "parent": "bun-test"
  }
}
