---
source: tools/node-depman/tests/shims_test.rs
expression: "std :: fs ::\nread_to_string(sandbox.path().join(\".proto/shims/registry.json\")).unwrap()"
---
{
  "pnpm": {
    "alt_bin": true,
    "parent": "pnpm-test"
  },
  "pnpx": {
    "alt_bin": true,
    "parent": "pnpm-test"
  }
}
