---
source: tools/node-depman/tests/shims_test.rs
expression: "std :: fs ::\nread_to_string(sandbox.path().join(\".proto/shims/registry.json\")).unwrap()"
---
{
  "pnpm": {},
  "pnpx": {
    "parent": "pnpm-test",
    "before_args": [
      "dlx"
    ]
  }
}
