---
source: extensions/migrate-turborepo/tests/migrate_turborepo_test.rs
expression: "fs::read_to_string(sandbox.path().join(\"client/moon.yml\")).unwrap()"
---
language: javascript
tasks:
  build:
    command: yarn run build
    deps:
    - ^:build
    outputs:
    - client/**/*
  typecheck:
    command: yarn run typecheck
    deps:
    - ~:build
toolchain:
  default: node
