---
source: extensions/migrate-turborepo/tests/migrate_turborepo_test.rs
expression: "fs::read_to_string(sandbox.path().join(\"server/moon.yml\")).unwrap()"
---
language: typescript
tasks:
  build:
    command: bun run build
    deps:
    - ^:build
    outputs:
    - server/**/*
  lint:
    command: bun run lint
    options:
      outputStyle: buffer-only-failure
toolchain:
  default: bun
