---
source: extensions/migrate-turborepo/tests/migrate_turborepo_test.rs
expression: "fs::read_to_string(sandbox.path().join(\"moon.yml\")).unwrap()"
---
language: javascript
tasks:
  build:
    command: npm run build
toolchain:
  default: node
