---
source: toolchains/typescript/tests/sync_project_test.rs
expression: "fs::read_file(sandbox.path().join(\"root/tsconfig.json\")).unwrap()"
---
{
  "files": [],
  "references": [
    {
      "path": "../no-refs"
    }
  ]
}
