---
source: toolchains/typescript/tests/sync_project_test.rs
expression: "fs::read_file(sandbox.path().join(\"no-options/tsconfig.json\")).unwrap()"
---
{
  "compilerOptions": {
    "outDir": "../.moon/cache/types/no-options"
  }
}
