---
source: toolchains/typescript/tests/sync_project_test.rs
expression: "fs::read_file(sandbox.path().join(\"no-refs/tsconfig.json\")).unwrap()"
---
{
  "include": [
    "../types/**/*"
  ]
}
