---
source: toolchains/typescript/tests/sync_project_test.rs
expression: "fs::read_file(sandbox.path().join(\"some-refs/tsconfig.json\")).unwrap()"
---
{
  "references": [
    {
      "path": "../a"
    },
    {
      "path": "../b"
    },
    {
      "path": "../c"
    }
  ]
}
