---
source: toolchains/typescript/tests/sync_project_test.rs
expression: "fs::read_file(cfg_path).unwrap()"
---
{
  "extends": "../tsconfig.base.json",
  "include": [
    "**/*"
  ],
  "references": []
}
