---
source: toolchains/typescript/tests/sync_project_test.rs
expression: "fs::read_file(sandbox.path().join(\"other/tsconfig.json\")).unwrap()"
---
{
  "references": [
    {
      "path": "../a"
    },
    {
      "path": "../b"
    },
    {
      "path": "../c"
    },
    {
      "path": "../d"
    }
  ],
  "compilerOptions": {
    "paths": {
      "a": [
        "../a/index.ts"
      ],
      "a/*": [
        "../a/*"
      ],
      "b": [
        "../b/src/index.ts"
      ],
      "b/*": [
        "../b/src/*"
      ],
      "@org/c": [
        "../c/index.tsx"
      ],
      "@org/c/*": [
        "../c/*"
      ]
    }
  }
}
