---
source: toolchains/typescript/tests/tier1_sync_test.rs
expression: "fs::read_file(sandbox.path().join(\"with-options/tsconfig.json\")).unwrap()"
---
{
  "extends": "../tsconfig.options.json",
  "compilerOptions": {
    "target": "es2020",
    "outDir": "../.moon/cache/types/with-options"
  }
}
