---
source: toolchains/typescript/tests/tier1_sync_test.rs
expression: "fs::read_file(sandbox.path().join(\"no-refs/tsconfig.json\")).unwrap()"
---
{
  "include": [
    "../types/**/*"
  ],
  "references": [
    {
      "path": "../types"
    }
  ]
}
