---
source: toolchains/typescript/tests/tier1_sync_test.rs
expression: "fs::read_file(sandbox.path().join(\"tsconfig.json\")).unwrap()"
---
{
  "files": [],
  "references": [
    {
      "path": "tsconfig.project.json"
    }
  ]
}
