---
source: tools/python/tests/shims_test.rs
expression: "std :: fs ::\nread_to_string(sandbox.path().join(\".proto/shims/registry.json\")).unwrap()"
---
{
  "pip": {
    "parent": "python-test",
    "before_args": [
      "-m",
      "pip"
    ]
  },
  "python": {}
}
